# UPDATE
jbennett@ubuntu:/home/extra/jbennett/dev/AndroidStudioProjects/GrabBag$ git status
On branch master
Your branch is up-to-date with 'origin/master'.
nothing to commit, working directory clean
jbennett@ubuntu:/home/extra/jbennett/dev/AndroidStudioProjects/GrabBag$ git pull upstream mmaster
From https://github.com/jrdbnntt-com/GrabBag
 * branch	     master	-> FETCH_HEAD
Already up-to-date.

# NEW BRANCH
jbennett@ubuntu:/home/extra/jbennett/dev/AndroidStudioProjects/GrabBag$ git branch contribution-example-branch
jbennett@ubuntu:/home/extra/jbennett/dev/AndroidStudioProjects/GrabBag$ git status
On branch master
Your branch is up-to-date with 'origin/master'.
nothing to commit, working directory clean
jbennett@ubuntu:/home/extra/jbennett/dev/AndroidStudioProjects/GrabBag$ git branch
  contribution-example-branch
* master
jbennett@ubuntu:/home/extra/jbennett/dev/AndroidStudioProjects/GrabBag$ git checkout contribution-example-branch
Switched to branch 'contribution-example-branch'
jbennett@ubuntu:/home/extra/jbennett/dev/AndroidStudioProjects/GrabBag$ git status
On branch contribution-example-branch
nothing to commit, working directory clean

# MAKE CHANGES NOW

# SAVE CHANGES IN GIT
jbennett@ubuntu:/home/extra/jbennett/dev/AndroidStudioProjects/GrabBag$ git status
On branch contribution-example-branch
Changes not staged for commit:
  (use "git add <file>..." to update what will be committed)
  (use "git checkout -- <file>..." to discard changes in working directory)

	modified:   .idea/misc.xml
	modified:   README.md

no changes added to commit (use "git add" and/or "git commit -a")
jbennett@ubuntu:/home/extra/jbennett/dev/AndroidStudioProjects/GrabBag$ git add -A
jbennett@ubuntu:/home/extra/jbennett/dev/AndroidStudioProjects/GrabBag$ git status
On branch contribution-example-branch
Changes to be committed:
  (use "git reset HEAD <file>..." to unstage)

	modified:   .idea/misc.xml
	modified:   README.md

jbennett@ubuntu:/home/extra/jbennett/dev/AndroidStudioProjects/GrabBag$ git commit -m "example commit message"
[contribution-example-branch e58c3db] example commit message
 2 files changed, 53 insertions(+), 1 deletion(-)
jbennett@ubuntu:/home/extra/jbennett/dev/AndroidStudioProjects/GrabBag$ git status
On branch contribution-example-branch
nothing to commit, working directory clean
jbennett@ubuntu:/home/extra/jbennett/dev/AndroidStudioProjects/GrabBag$ git push origin contribution-example-branch
Counting objects: 5, done.
Delta compression using up to 2 threads.
Compressing objects: 100% (5/5), done.
Writing objects: 100% (5/5), 1.50 KiB | 0 bytes/s, done.
Total 5 (delta 3), reused 0 (delta 0)
remote: Resolving deltas: 100% (3/3), completed with 3 local objects.
To https://jrdbnntt@github.com/jrdbnntt/GrabBag.git
 * [new branch]      contribution-example-branch -> contribution-example-branch

# DO PULL REQUEST & MERGE IT, RESOLVING CONFLICTS IF NECESSARY. MAY NEED TO PUSH MORE CHANGES TO SAME BRANCH TO FIX CONFLICTS!

# PULL REQUEST COMPLETED AND CHANGES NOW IN UPSTREAM REPO

# GO BACK TO MASTER & UPDATE IT WITH LATEST CHANGES (MORE THAN JUST YOUR EDITS POSSIBLY)
jbennett@ubuntu:/home/extra/jbennett/dev/AndroidStudioProjects/GrabBag$ git checkout master
Switched to branch 'master'
Your branch is up-to-date with 'origin/master'.
jbennett@ubuntu:/home/extra/jbennett/dev/AndroidStudioProjects/GrabBag$ git status
On branch master
Your branch is up-to-date with 'origin/master'.
nothing to commit, working directory clean
jbennett@ubuntu:/home/extra/jbennett/dev/AndroidStudioProjects/GrabBag$ git pull upstream master
remote: Counting objects: 5, done.
remote: Compressing objects: 100% (2/2), done.
remote: Total 5 (delta 3), reused 5 (delta 3), pack-reused 0
Unpacking objects: 100% (5/5), done.
From https://github.com/jrdbnntt-com/GrabBag
 * branch	     master	-> FETCH_HEAD
   53341d6..365eb8a  master	-> upstream/master
Updating 53341d6..365eb8a
Fast-forward
 .idea/misc.xml |  2 +-
 README.md	| 52 ++++++++++++++++++++++++++++++++++++++++++++++++++++
 2 files changed, 53 insertions(+), 1 deletion(-)
jbennett@ubuntu:/home/extra/jbennett/dev/AndroidStudioProjects/GrabBag$ git lgg
* 365eb8a - (HEAD -> master, upstream/master) example commit message (#1) (2 minutes ago) <Jared Bennett>
| * e58c3db - (origin/contribution-example-branch, contribution-example-branch) example commit message (3 minutes ago) <jrdbnntt>
|/
* 53341d6 - (origin/master) idea config (35 minutes ago) <jrdbnntt>
* 7512bd0 - init (40 minutes ago) <jrdbnntt>

# NEVER GO BACK TO OLD BRANCH, CAN DELETE NOW
jbennett@ubuntu:/home/extra/jbennett/dev/AndroidStudioProjects/GrabBag$ git branch -D contribution-example-branch
Deleted branch contribution-example-branch (was e58c3db).
jbennett@ubuntu:/home/extra/jbennett/dev/AndroidStudioProjects/GrabBag$ git lggt
* 365eb8a - (HEAD -> master, upstream/master) example commit message (#1) (3 minutes ago) <Jared Bennett>
| * e58c3db - (origin/contribution-example-branch) example commit message (4 minutes ago) <jrdbnntt>
|/
* 53341d6 - (origin/master) idea config (35 minutes ago) <jrdbnntt>
* 7512bd0 - init (40 minutes ago) <jrdbnntt>

# START OVER WITH NEW BRANCH FOR NEXT CHANGE
